// Jest Snapshot v1, https://goo.gl/fbAQLP

exports[`<Anchor /> renders correctly 1`] = `
<styled.a
  href="https://www.workable.com/j/089F60DE31"
  rel="noopener noreferrer"
  target="_blank"
>
  https://www.workable.com/j/089F60DE31
</styled.a>
`;
